Picked up JAVA_TOOL_OPTIONS: -Dstdout.encoding=UTF-8 -Dstderr.encoding=UTF-8
[INFO] Error stacktraces are turned on.
[INFO] Scanning for projects...
[INFO] 
[INFO] ------------------< com.example:ms-clientes-personas >------------------
[INFO] Building ms-clientes-personas 1.0.0
[INFO]   from pom.xml
[INFO] --------------------------------[ jar ]---------------------------------
[INFO] 
[INFO] --- clean:3.3.2:clean (default-clean) @ ms-clientes-personas ---
[INFO] Deleting C:\Users\ospin\OneDrive\Escritorio\microservicios2\ms-clientes-personas\target
[INFO] 
[INFO] --- resources:3.3.1:resources (default-resources) @ ms-clientes-personas ---
[INFO] Copying 1 resource from src\main\resources to target\classes
[INFO] Copying 0 resource from src\main\resources to target\classes
[INFO] 
[INFO] --- compiler:3.11.0:compile (default-compile) @ ms-clientes-personas ---
[INFO] Changes detected - recompiling the module! :source
[INFO] Compiling 26 source files with javac [debug release 21] to target\classes
[INFO] -------------------------------------------------------------
[ERROR] COMPILATION ERROR : 
[INFO] -------------------------------------------------------------
[ERROR] /C:/Users/ospin/OneDrive/Escritorio/microservicios2/ms-clientes-personas/src/main/java/com/example/msclientespersonas/controller/PersonaController.java:[25,79] cannot find symbol
  symbol:   method getId()
  location: variable personaDto of type com.example.msclientespersonas.dto.PersonaDto
[ERROR] /C:/Users/ospin/OneDrive/Escritorio/microservicios2/ms-clientes-personas/src/main/java/com/example/msclientespersonas/controller/ClienteController.java:[26,79] cannot find symbol
  symbol:   method getId()
  location: variable clienteDto of type com.example.msclientespersonas.dto.ClienteDto
[ERROR] /C:/Users/ospin/OneDrive/Escritorio/microservicios2/ms-clientes-personas/src/main/java/com/example/msclientespersonas/service/PersonaServiceImpl.java:[27,70] cannot find symbol
  symbol:   method getIdentificacion()
  location: variable personaCreateDto of type com.example.msclientespersonas.dto.PersonaCreateDto
[ERROR] /C:/Users/ospin/OneDrive/Escritorio/microservicios2/ms-clientes-personas/src/main/java/com/example/msclientespersonas/service/PersonaServiceImpl.java:[28,114] cannot find symbol
  symbol:   method getIdentificacion()
  location: variable personaCreateDto of type com.example.msclientespersonas.dto.PersonaCreateDto
[ERROR] /C:/Users/ospin/OneDrive/Escritorio/microservicios2/ms-clientes-personas/src/main/java/com/example/msclientespersonas/service/PersonaServiceImpl.java:[59,21] cannot find symbol
  symbol:   method getIdentificacion()
  location: variable persona of type com.example.msclientespersonas.entity.Persona
[ERROR] /C:/Users/ospin/OneDrive/Escritorio/microservicios2/ms-clientes-personas/src/main/java/com/example/msclientespersonas/service/PersonaServiceImpl.java:[59,65] cannot find symbol
  symbol:   method getIdentificacion()
  location: variable personaCreateDto of type com.example.msclientespersonas.dto.PersonaCreateDto
[ERROR] /C:/Users/ospin/OneDrive/Escritorio/microservicios2/ms-clientes-personas/src/main/java/com/example/msclientespersonas/service/PersonaServiceImpl.java:[60,70] cannot find symbol
  symbol:   method getIdentificacion()
  location: variable personaCreateDto of type com.example.msclientespersonas.dto.PersonaCreateDto
[ERROR] /C:/Users/ospin/OneDrive/Escritorio/microservicios2/ms-clientes-personas/src/main/java/com/example/msclientespersonas/service/PersonaServiceImpl.java:[61,114] cannot find symbol
  symbol:   method getIdentificacion()
  location: variable personaCreateDto of type com.example.msclientespersonas.dto.PersonaCreateDto
[ERROR] /C:/Users/ospin/OneDrive/Escritorio/microservicios2/ms-clientes-personas/src/main/java/com/example/msclientespersonas/service/PersonaServiceImpl.java:[65,27] cannot find symbol
  symbol:   method setId(java.util.UUID)
  location: variable personaActualizada of type com.example.msclientespersonas.entity.Persona
[ERROR] /C:/Users/ospin/OneDrive/Escritorio/microservicios2/ms-clientes-personas/src/main/java/com/example/msclientespersonas/service/PersonaServiceImpl.java:[66,48] cannot find symbol
  symbol:   method getCreatedAt()
  location: variable persona of type com.example.msclientespersonas.entity.Persona
[ERROR] /C:/Users/ospin/OneDrive/Escritorio/microservicios2/ms-clientes-personas/src/main/java/com/example/msclientespersonas/service/ClienteServiceImpl.java:[31,59] cannot find symbol
  symbol:   method getPersonaId()
  location: variable clienteCreateDto of type com.example.msclientespersonas.dto.ClienteCreateDto
[ERROR] /C:/Users/ospin/OneDrive/Escritorio/microservicios2/ms-clientes-personas/src/main/java/com/example/msclientespersonas/service/ClienteServiceImpl.java:[32,98] cannot find symbol
  symbol:   method getPersonaId()
  location: variable clienteCreateDto of type com.example.msclientespersonas.dto.ClienteCreateDto
[ERROR] /C:/Users/ospin/OneDrive/Escritorio/microservicios2/ms-clientes-personas/src/main/java/com/example/msclientespersonas/service/ClienteServiceImpl.java:[36,65] cannot find symbol
  symbol:   method getPersonaId()
  location: variable clienteCreateDto of type com.example.msclientespersonas.dto.ClienteCreateDto
[ERROR] /C:/Users/ospin/OneDrive/Escritorio/microservicios2/ms-clientes-personas/src/main/java/com/example/msclientespersonas/service/ClienteServiceImpl.java:[37,113] cannot find symbol
  symbol:   method getPersonaId()
  location: variable clienteCreateDto of type com.example.msclientespersonas.dto.ClienteCreateDto
[INFO] 14 errors 
[INFO] -------------------------------------------------------------
[INFO] ------------------------------------------------------------------------
[INFO] BUILD FAILURE
[INFO] ------------------------------------------------------------------------
[INFO] Total time:  8.368 s
[INFO] Finished at: 2026-05-10T23:55:35-05:00
[INFO] ------------------------------------------------------------------------
[ERROR] Failed to execute goal org.apache.maven.plugins:maven-compiler-plugin:3.11.0:compile (default-compile) on project ms-clientes-personas: Compilation failure: Compilation failure: 
[ERROR] /C:/Users/ospin/OneDrive/Escritorio/microservicios2/ms-clientes-personas/src/main/java/com/example/msclientespersonas/controller/PersonaController.java:[25,79] cannot find symbol
[ERROR]   symbol:   method getId()
[ERROR]   location: variable personaDto of type com.example.msclientespersonas.dto.PersonaDto
[ERROR] /C:/Users/ospin/OneDrive/Escritorio/microservicios2/ms-clientes-personas/src/main/java/com/example/msclientespersonas/controller/ClienteController.java:[26,79] cannot find symbol
[ERROR]   symbol:   method getId()
[ERROR]   location: variable clienteDto of type com.example.msclientespersonas.dto.ClienteDto
[ERROR] /C:/Users/ospin/OneDrive/Escritorio/microservicios2/ms-clientes-personas/src/main/java/com/example/msclientespersonas/service/PersonaServiceImpl.java:[27,70] cannot find symbol
[ERROR]   symbol:   method getIdentificacion()
[ERROR]   location: variable personaCreateDto of type com.example.msclientespersonas.dto.PersonaCreateDto
[ERROR] /C:/Users/ospin/OneDrive/Escritorio/microservicios2/ms-clientes-personas/src/main/java/com/example/msclientespersonas/service/PersonaServiceImpl.java:[28,114] cannot find symbol
[ERROR]   symbol:   method getIdentificacion()
[ERROR]   location: variable personaCreateDto of type com.example.msclientespersonas.dto.PersonaCreateDto
[ERROR] /C:/Users/ospin/OneDrive/Escritorio/microservicios2/ms-clientes-personas/src/main/java/com/example/msclientespersonas/service/PersonaServiceImpl.java:[59,21] cannot find symbol
[ERROR]   symbol:   method getIdentificacion()
[ERROR]   location: variable persona of type com.example.msclientespersonas.entity.Persona
[ERROR] /C:/Users/ospin/OneDrive/Escritorio/microservicios2/ms-clientes-personas/src/main/java/com/example/msclientespersonas/service/PersonaServiceImpl.java:[59,65] cannot find symbol
[ERROR]   symbol:   method getIdentificacion()
[ERROR]   location: variable personaCreateDto of type com.example.msclientespersonas.dto.PersonaCreateDto
[ERROR] /C:/Users/ospin/OneDrive/Escritorio/microservicios2/ms-clientes-personas/src/main/java/com/example/msclientespersonas/service/PersonaServiceImpl.java:[60,70] cannot find symbol
[ERROR]   symbol:   method getIdentificacion()
[ERROR]   location: variable personaCreateDto of type com.example.msclientespersonas.dto.PersonaCreateDto
[ERROR] /C:/Users/ospin/OneDrive/Escritorio/microservicios2/ms-clientes-personas/src/main/java/com/example/msclientespersonas/service/PersonaServiceImpl.java:[61,114] cannot find symbol
[ERROR]   symbol:   method getIdentificacion()
[ERROR]   location: variable personaCreateDto of type com.example.msclientespersonas.dto.PersonaCreateDto
[ERROR] /C:/Users/ospin/OneDrive/Escritorio/microservicios2/ms-clientes-personas/src/main/java/com/example/msclientespersonas/service/PersonaServiceImpl.java:[65,27] cannot find symbol
[ERROR]   symbol:   method setId(java.util.UUID)
[ERROR]   location: variable personaActualizada of type com.example.msclientespersonas.entity.Persona
[ERROR] /C:/Users/ospin/OneDrive/Escritorio/microservicios2/ms-clientes-personas/src/main/java/com/example/msclientespersonas/service/PersonaServiceImpl.java:[66,48] cannot find symbol
[ERROR]   symbol:   method getCreatedAt()
[ERROR]   location: variable persona of type com.example.msclientespersonas.entity.Persona
[ERROR] /C:/Users/ospin/OneDrive/Escritorio/microservicios2/ms-clientes-personas/src/main/java/com/example/msclientespersonas/service/ClienteServiceImpl.java:[31,59] cannot find symbol
[ERROR]   symbol:   method getPersonaId()
[ERROR]   location: variable clienteCreateDto of type com.example.msclientespersonas.dto.ClienteCreateDto
[ERROR] /C:/Users/ospin/OneDrive/Escritorio/microservicios2/ms-clientes-personas/src/main/java/com/example/msclientespersonas/service/ClienteServiceImpl.java:[32,98] cannot find symbol
[ERROR]   symbol:   method getPersonaId()
[ERROR]   location: variable clienteCreateDto of type com.example.msclientespersonas.dto.ClienteCreateDto
[ERROR] /C:/Users/ospin/OneDrive/Escritorio/microservicios2/ms-clientes-personas/src/main/java/com/example/msclientespersonas/service/ClienteServiceImpl.java:[36,65] cannot find symbol
[ERROR]   symbol:   method getPersonaId()
[ERROR]   location: variable clienteCreateDto of type com.example.msclientespersonas.dto.ClienteCreateDto
[ERROR] /C:/Users/ospin/OneDrive/Escritorio/microservicios2/ms-clientes-personas/src/main/java/com/example/msclientespersonas/service/ClienteServiceImpl.java:[37,113] cannot find symbol
[ERROR]   symbol:   method getPersonaId()
[ERROR]   location: variable clienteCreateDto of type com.example.msclientespersonas.dto.ClienteCreateDto
[ERROR] -> [Help 1]
org.apache.maven.lifecycle.LifecycleExecutionException: Failed to execute goal org.apache.maven.plugins:maven-compiler-plugin:3.11.0:compile (default-compile) on project ms-clientes-personas: Compilation failure
    at org.apache.maven.lifecycle.internal.MojoExecutor.doExecute2 (MojoExecutor.java:333)
    at org.apache.maven.lifecycle.internal.MojoExecutor.doExecute (MojoExecutor.java:316)
    at org.apache.maven.lifecycle.internal.MojoExecutor.execute (MojoExecutor.java:212)
    at org.apache.maven.lifecycle.internal.MojoExecutor.execute (MojoExecutor.java:174)
    at org.apache.maven.lifecycle.internal.MojoExecutor.access$000 (MojoExecutor.java:75)
    at org.apache.maven.lifecycle.internal.MojoExecutor$1.run (MojoExecutor.java:162)
    at org.apache.maven.plugin.DefaultMojosExecutionStrategy.execute (DefaultMojosExecutionStrategy.java:39)
    at org.apache.maven.lifecycle.internal.MojoExecutor.execute (MojoExecutor.java:159)
    at org.apache.maven.lifecycle.internal.LifecycleModuleBuilder.buildProject (LifecycleModuleBuilder.java:105)
    at org.apache.maven.lifecycle.internal.LifecycleModuleBuilder.buildProject (LifecycleModuleBuilder.java:73)
    at org.apache.maven.lifecycle.internal.builder.singlethreaded.SingleThreadedBuilder.build (SingleThreadedBuilder.java:53)
    at org.apache.maven.lifecycle.internal.LifecycleStarter.execute (LifecycleStarter.java:118)
    at org.apache.maven.DefaultMaven.doExecute (DefaultMaven.java:261)
    at org.apache.maven.DefaultMaven.doExecute (DefaultMaven.java:173)
    at org.apache.maven.DefaultMaven.execute (DefaultMaven.java:101)
    at org.apache.maven.cli.MavenCli.execute (MavenCli.java:919)
    at org.apache.maven.cli.MavenCli.doMain (MavenCli.java:285)
    at org.apache.maven.cli.MavenCli.main (MavenCli.java:207)
    at jdk.internal.reflect.DirectMethodHandleAccessor.invoke (DirectMethodHandleAccessor.java:104)
    at java.lang.reflect.Method.invoke (Method.java:565)
    at org.codehaus.plexus.classworlds.launcher.Launcher.launchEnhanced (Launcher.java:255)
    at org.codehaus.plexus.classworlds.launcher.Launcher.launch (Launcher.java:201)
    at org.codehaus.plexus.classworlds.launcher.Launcher.mainWithExitCode (Launcher.java:361)
    at org.codehaus.plexus.classworlds.launcher.Launcher.main (Launcher.java:314)
Caused by: org.apache.maven.plugin.compiler.CompilationFailureException: Compilation failure
    at org.apache.maven.plugin.compiler.AbstractCompilerMojo.execute (AbstractCompilerMojo.java:1212)
    at org.apache.maven.plugin.compiler.CompilerMojo.execute (CompilerMojo.java:193)
    at org.apache.maven.plugin.DefaultBuildPluginManager.executeMojo (DefaultBuildPluginManager.java:126)
    at org.apache.maven.lifecycle.internal.MojoExecutor.doExecute2 (MojoExecutor.java:328)
    at org.apache.maven.lifecycle.internal.MojoExecutor.doExecute (MojoExecutor.java:316)
    at org.apache.maven.lifecycle.internal.MojoExecutor.execute (MojoExecutor.java:212)
    at org.apache.maven.lifecycle.internal.MojoExecutor.execute (MojoExecutor.java:174)
    at org.apache.maven.lifecycle.internal.MojoExecutor.access$000 (MojoExecutor.java:75)
    at org.apache.maven.lifecycle.internal.MojoExecutor$1.run (MojoExecutor.java:162)
    at org.apache.maven.plugin.DefaultMojosExecutionStrategy.execute (DefaultMojosExecutionStrategy.java:39)
    at org.apache.maven.lifecycle.internal.MojoExecutor.execute (MojoExecutor.java:159)
    at org.apache.maven.lifecycle.internal.LifecycleModuleBuilder.buildProject (LifecycleModuleBuilder.java:105)
    at org.apache.maven.lifecycle.internal.LifecycleModuleBuilder.buildProject (LifecycleModuleBuilder.java:73)
    at org.apache.maven.lifecycle.internal.builder.singlethreaded.SingleThreadedBuilder.build (SingleThreadedBuilder.java:53)
    at org.apache.maven.lifecycle.internal.LifecycleStarter.execute (LifecycleStarter.java:118)
    at org.apache.maven.DefaultMaven.doExecute (DefaultMaven.java:261)
    at org.apache.maven.DefaultMaven.doExecute (DefaultMaven.java:173)
    at org.apache.maven.DefaultMaven.execute (DefaultMaven.java:101)
    at org.apache.maven.cli.MavenCli.execute (MavenCli.java:919)
    at org.apache.maven.cli.MavenCli.doMain (MavenCli.java:285)
    at org.apache.maven.cli.MavenCli.main (MavenCli.java:207)
    at jdk.internal.reflect.DirectMethodHandleAccessor.invoke (DirectMethodHandleAccessor.java:104)
    at java.lang.reflect.Method.invoke (Method.java:565)
    at org.codehaus.plexus.classworlds.launcher.Launcher.launchEnhanced (Launcher.java:255)
    at org.codehaus.plexus.classworlds.launcher.Launcher.launch (Launcher.java:201)
    at org.codehaus.plexus.classworlds.launcher.Launcher.mainWithExitCode (Launcher.java:361)
    at org.codehaus.plexus.classworlds.launcher.Launcher.main (Launcher.java:314)
[ERROR] 
[ERROR] Re-run Maven using the -X switch to enable full debug logging.
[ERROR] 
[ERROR] For more information about the errors and possible solutions, please read the following articles:
[ERROR] [Help 1] http://cwiki.apache.org/confluence/display/MAVEN/MojoFailureException
